// Jest Snapshot v1, https://goo.gl/fbAQLP

exports[`<SubTasks /> when it has complete data should be same as snapshot 1`] = `
initialize {
  "0": Object {
    "attribs": Object {
      "class": "CardScrollView__detail__block",
    },
    "children": Array [
      Object {
        "attribs": Object {
          "class": "CardScrollView__detail__block__title",
        },
        "children": Array [
          Object {
            "data": "SUB TASKS",
            "next": null,
            "parent": [Circular],
            "prev": null,
            "type": "text",
          },
        ],
        "name": "div",
        "namespace": "http://www.w3.org/1999/xhtml",
        "next": Object {
          "attribs": Object {
            "class": "CardScrollView__item",
          },
          "children": Array [
            Object {
              "attribs": Object {
                "type": "checkbox",
                "value": "false",
              },
              "children": Array [],
              "name": "input",
              "namespace": "http://www.w3.org/1999/xhtml",
              "next": Object {
                "attribs": Object {
                  "class": "editInput",
                  "placeholder": "Add a new subtask",
                  "type": "text",
                  "value": "",
                },
                "children": Array [],
                "name": "input",
                "namespace": "http://www.w3.org/1999/xhtml",
                "next": null,
                "parent": [Circular],
                "prev": [Circular],
                "type": "tag",
                "x-attribsNamespace": Object {
                  "class": undefined,
                  "placeholder": undefined,
                  "type": undefined,
                  "value": undefined,
                },
                "x-attribsPrefix": Object {
                  "class": undefined,
                  "placeholder": undefined,
                  "type": undefined,
                  "value": undefined,
                },
              },
              "parent": [Circular],
              "prev": null,
              "type": "tag",
              "x-attribsNamespace": Object {
                "type": undefined,
                "value": undefined,
              },
              "x-attribsPrefix": Object {
                "type": undefined,
                "value": undefined,
              },
            },
            Object {
              "attribs": Object {
                "class": "editInput",
                "placeholder": "Add a new subtask",
                "type": "text",
                "value": "",
              },
              "children": Array [],
              "name": "input",
              "namespace": "http://www.w3.org/1999/xhtml",
              "next": null,
              "parent": [Circular],
              "prev": Object {
                "attribs": Object {
                  "type": "checkbox",
                  "value": "false",
                },
                "children": Array [],
                "name": "input",
                "namespace": "http://www.w3.org/1999/xhtml",
                "next": [Circular],
                "parent": [Circular],
                "prev": null,
                "type": "tag",
                "x-attribsNamespace": Object {
                  "type": undefined,
                  "value": undefined,
                },
                "x-attribsPrefix": Object {
                  "type": undefined,
                  "value": undefined,
                },
              },
              "type": "tag",
              "x-attribsNamespace": Object {
                "class": undefined,
                "placeholder": undefined,
                "type": undefined,
                "value": undefined,
              },
              "x-attribsPrefix": Object {
                "class": undefined,
                "placeholder": undefined,
                "type": undefined,
                "value": undefined,
              },
            },
          ],
          "name": "div",
          "namespace": "http://www.w3.org/1999/xhtml",
          "next": null,
          "parent": [Circular],
          "prev": [Circular],
          "type": "tag",
          "x-attribsNamespace": Object {
            "class": undefined,
          },
          "x-attribsPrefix": Object {
            "class": undefined,
          },
        },
        "parent": [Circular],
        "prev": null,
        "type": "tag",
        "x-attribsNamespace": Object {
          "class": undefined,
        },
        "x-attribsPrefix": Object {
          "class": undefined,
        },
      },
      Object {
        "attribs": Object {
          "class": "CardScrollView__item",
        },
        "children": Array [
          Object {
            "attribs": Object {
              "type": "checkbox",
              "value": "false",
            },
            "children": Array [],
            "name": "input",
            "namespace": "http://www.w3.org/1999/xhtml",
            "next": Object {
              "attribs": Object {
                "class": "editInput",
                "placeholder": "Add a new subtask",
                "type": "text",
                "value": "",
              },
              "children": Array [],
              "name": "input",
              "namespace": "http://www.w3.org/1999/xhtml",
              "next": null,
              "parent": [Circular],
              "prev": [Circular],
              "type": "tag",
              "x-attribsNamespace": Object {
                "class": undefined,
                "placeholder": undefined,
                "type": undefined,
                "value": undefined,
              },
              "x-attribsPrefix": Object {
                "class": undefined,
                "placeholder": undefined,
                "type": undefined,
                "value": undefined,
              },
            },
            "parent": [Circular],
            "prev": null,
            "type": "tag",
            "x-attribsNamespace": Object {
              "type": undefined,
              "value": undefined,
            },
            "x-attribsPrefix": Object {
              "type": undefined,
              "value": undefined,
            },
          },
          Object {
            "attribs": Object {
              "class": "editInput",
              "placeholder": "Add a new subtask",
              "type": "text",
              "value": "",
            },
            "children": Array [],
            "name": "input",
            "namespace": "http://www.w3.org/1999/xhtml",
            "next": null,
            "parent": [Circular],
            "prev": Object {
              "attribs": Object {
                "type": "checkbox",
                "value": "false",
              },
              "children": Array [],
              "name": "input",
              "namespace": "http://www.w3.org/1999/xhtml",
              "next": [Circular],
              "parent": [Circular],
              "prev": null,
              "type": "tag",
              "x-attribsNamespace": Object {
                "type": undefined,
                "value": undefined,
              },
              "x-attribsPrefix": Object {
                "type": undefined,
                "value": undefined,
              },
            },
            "type": "tag",
            "x-attribsNamespace": Object {
              "class": undefined,
              "placeholder": undefined,
              "type": undefined,
              "value": undefined,
            },
            "x-attribsPrefix": Object {
              "class": undefined,
              "placeholder": undefined,
              "type": undefined,
              "value": undefined,
            },
          },
        ],
        "name": "div",
        "namespace": "http://www.w3.org/1999/xhtml",
        "next": null,
        "parent": [Circular],
        "prev": Object {
          "attribs": Object {
            "class": "CardScrollView__detail__block__title",
          },
          "children": Array [
            Object {
              "data": "SUB TASKS",
              "next": null,
              "parent": [Circular],
              "prev": null,
              "type": "text",
            },
          ],
          "name": "div",
          "namespace": "http://www.w3.org/1999/xhtml",
          "next": [Circular],
          "parent": [Circular],
          "prev": null,
          "type": "tag",
          "x-attribsNamespace": Object {
            "class": undefined,
          },
          "x-attribsPrefix": Object {
            "class": undefined,
          },
        },
        "type": "tag",
        "x-attribsNamespace": Object {
          "class": undefined,
        },
        "x-attribsPrefix": Object {
          "class": undefined,
        },
      },
    ],
    "name": "div",
    "namespace": "http://www.w3.org/1999/xhtml",
    "next": null,
    "parent": null,
    "prev": null,
    "root": Object {
      "attribs": Object {},
      "children": Array [
        [Circular],
      ],
      "name": "root",
      "namespace": "http://www.w3.org/1999/xhtml",
      "next": null,
      "parent": null,
      "prev": null,
      "type": "root",
      "x-attribsNamespace": Object {},
      "x-attribsPrefix": Object {},
    },
    "type": "tag",
    "x-attribsNamespace": Object {
      "class": undefined,
    },
    "x-attribsPrefix": Object {
      "class": undefined,
    },
  },
  "_root": [Circular],
  "length": 1,
  "options": Object {
    "decodeEntities": true,
    "normalizeWhitespace": false,
    "withDomLvl1": true,
    "xml": false,
  },
}
`;
