// Jest Snapshot v1, https://goo.gl/fbAQLP

exports[`<AutoComplete /> when it has complete data should be same as snapshot 1`] = `
initialize {
  "options": Object {
    "decodeEntities": true,
    "normalizeWhitespace": false,
    "withDomLvl1": true,
    "xml": false,
  },
}
`;
